
> remotion-render@0.1.0 start
> tsx src/server.ts

remotion-render listening on http://localhost:3020
[preview] project=34 frame=242 in 4.0s -> E:\laragon\www\socailVideoMaker\viralforgebackend\storage\app\public\explainer\34\previews\d91827ab2fd4b75f70f9.png
[preview] project=34 frame=639 in 1.3s -> E:\laragon\www\socailVideoMaker\viralforgebackend\storage\app\public\explainer\34\previews\4f6ea5dc0b590fa0d5b2.png
[preview] project=34 frame=242 in 1.7s -> E:\laragon\www\socailVideoMaker\viralforgebackend\storage\app\public\explainer\34\previews\d4e0ea722a4bfc0af5bf.png
[preview] project=34 frame=639 in 5.3s -> E:\laragon\www\socailVideoMaker\viralforgebackend\storage\app\public\explainer\34\previews\127a683973e247ead501.png
[preview] project=34 frame=242 in 2.7s -> E:\laragon\www\socailVideoMaker\viralforgebackend\storage\app\public\explainer\34\previews\383a1b7dab40450b5dc5.png
[preview] project=34 frame=639 in 2.9s -> E:\laragon\www\socailVideoMaker\viralforgebackend\storage\app\public\explainer\34\previews\639045e0f7ccbd540281.png
[preview] project=34 frame=639 in 2.9s -> E:\laragon\www\socailVideoMaker\viralforgebackend\storage\app\public\explainer\34\previews\a9c97030b8c2af9a0436.png
[preview] project=34 frame=639 in 2.7s -> E:\laragon\www\socailVideoMaker\viralforgebackend\storage\app\public\explainer\34\previews\c45b709fa1ce3f324bed.png
[preview] project=34 frame=242 in 3.2s -> E:\laragon\www\socailVideoMaker\viralforgebackend\storage\app\public\explainer\34\previews\43896b814233e1947e98.png
[preview] project=34 frame=242 in 2.7s -> E:\laragon\www\socailVideoMaker\viralforgebackend\storage\app\public\explainer\34\previews\9fb5a6528bd243a67734.png
[preview] project=41 frame=495 in 1.9s -> E:\laragon\www\socailVideoMaker\viralforgebackend\storage\app\public\explainer\41\previews\835a1c6b992ee551b86a.png
[preview] project=41 frame=1263 in 1.6s -> E:\laragon\www\socailVideoMaker\viralforgebackend\storage\app\public\explainer\41\previews\89487554e54c79355052.png
[preview] project=41 frame=2002 in 5.0s -> E:\laragon\www\socailVideoMaker\viralforgebackend\storage\app\public\explainer\41\previews\80d3e60b69676411c31c.png
[preview] project=29 frame=393 in 3.6s -> E:\laragon\www\socailVideoMaker\viralforgebackend\storage\app\public\explainer\29\previews\2feb54a1a5f3d9ae55f6.png
[preview] project=29 frame=545 in 5.2s -> E:\laragon\www\socailVideoMaker\viralforgebackend\storage\app\public\explainer\29\previews\3ba2d2aa2e88dfdf9b9e.png
[preview] project=29 frame=875 in 2.5s -> E:\laragon\www\socailVideoMaker\viralforgebackend\storage\app\public\explainer\29\previews\8e9745802def2a6022da.png
[render] project=29 scenes=7 -> E:\laragon\www\socailVideoMaker\viralforgebackend\storage\app\public\projects\outputs\output_29_1784536930.mp4
[render] project=29 0%
[render] project=29 0%
[render] project=29 0%
[render] project=29 0%
[render] project=29 0%
[render] project=29 0%
[render] project=29 0%
[render] project=29 0%
[render] project=29 0%
[render] project=29 0%
[render] project=29 0%
[render] project=29 0%
[render] project=29 0%
[render] project=29 0%
[render] project=29 0%
[render] project=29 20%
[render] project=29 20%
[render] project=29 20%
[render] project=29 20%
[render] project=29 20%
[render] project=29 20%
[render] project=29 20%
[render] project=29 20%
[render] project=29 20%
[render] project=29 20%
[render] project=29 20%
[render] project=29 20%
[render] project=29 20%
[render] project=29 20%
[render] project=29 20%
[render] project=29 20%
[render] project=29 20%
[render] project=29 20%
[render] project=29 20%
[render] project=29 20%
[render] project=29 20%
[render] project=29 20%
[render] project=29 20%
[render] project=29 20%
[render] project=29 20%
[render] project=29 20%
[render] project=29 20%
[render] project=29 20%
[render] project=29 40%
[render] project=29 40%
[render] project=29 40%
[render] project=29 40%
[render] project=29 40%
[render] project=29 40%
[render] project=29 40%
[render] project=29 40%
[render] project=29 40%
[render] project=29 40%
[render] project=29 40%
[render] project=29 40%
[render] project=29 40%
[render] project=29 40%
[render] project=29 40%
[render] project=29 40%
[render] project=29 40%
[render] project=29 40%
[render] project=29 40%
[render] project=29 40%
[render] project=29 40%
[render] project=29 40%
[render] project=29 40%
[render] project=29 40%
[render] project=29 40%
[render] project=29 40%
[render] project=29 40%
[render] project=29 40%
[render] project=29 40%
[render] project=29 60%
[render] project=29 60%
[render] project=29 60%
[render] project=29 60%
[render] project=29 60%
[render] project=29 60%
[render] project=29 60%
[render] project=29 60%
[render] project=29 60%
[render] project=29 60%
[render] project=29 60%
[render] project=29 60%
[render] project=29 60%
[render] project=29 60%
[render] project=29 60%
[render] project=29 60%
[render] project=29 60%
[render] project=29 60%
[render] project=29 60%
[render] project=29 60%
[render] project=29 60%
[render] project=29 60%
[render] project=29 60%
[render] project=29 60%
[render] project=29 60%
[render] project=29 60%
[render] project=29 60%
[render] project=29 60%
[render] project=29 60%
[render] project=29 80%
[render] project=29 80%
[render] project=29 100%
[render] project=29 done in 140.0s
[thumbnail] -> E:\laragon\www\socailVideoMaker\viralforgebackend\storage\app\public\projects\outputs\output_29_1784536930_thumb.png
[thumbnail] -> E:\laragon\www\socailVideoMaker\viralforgebackend\storage\app\public\projects\outputs\output_29_1784536930_thumb_portrait.png
[preview] project=29 frame=564 in 5.1s -> E:\laragon\www\socailVideoMaker\viralforgebackend\storage\app\public\explainer\29\previews\a23facb51116052e9447.png
[preview] project=29 frame=387 in 7.1s -> E:\laragon\www\socailVideoMaker\viralforgebackend\storage\app\public\explainer\29\previews\a46570c0069e381cc143.png
[preview] project=42 frame=429 in 5.8s -> E:\laragon\www\socailVideoMaker\viralforgebackend\storage\app\public\explainer\42\previews\d640aed591735cdb06f3.png
[preview] project=42 frame=565 in 5.4s -> E:\laragon\www\socailVideoMaker\viralforgebackend\storage\app\public\explainer\42\previews\a6f99019d11e8541fa7c.png
[render] project=42 scenes=11 -> E:\laragon\www\socailVideoMaker\viralforgebackend\storage\app\public\projects\outputs\output_42_1784551729.mp4
[render] project=42 0%
[render] project=42 0%
[render] project=42 0%
[render] project=42 0%
[render] project=42 0%
[render] project=42 0%
[render] project=42 0%
[render] project=42 0%
[render] project=42 0%
[render] project=42 0%
[render] project=42 0%
[render] project=42 0%
[render] project=42 0%
[render] project=42 0%
[render] project=42 0%
[render] project=42 0%
[render] project=42 0%
[render] project=42 0%
[render] project=42 0%
[render] project=42 20%
[render] project=42 20%
[render] project=42 20%
[render] project=42 20%
[render] project=42 20%
[render] project=42 20%
[render] project=42 20%
[render] project=42 20%
[render] project=42 20%
[render] project=42 20%
[render] project=42 20%
[render] project=42 20%
[render] project=42 20%
[render] project=42 20%
[render] project=42 20%
[render] project=42 20%
[render] project=42 20%
[render] project=42 20%
[render] project=42 20%
[render] project=42 20%
[render] project=42 20%
[render] project=42 20%
[render] project=42 20%
[render] project=42 20%
[render] project=42 20%
[render] project=42 20%
[render] project=42 20%
[render] project=42 20%
[render] project=42 20%
[render] project=42 20%
[render] project=42 20%
[render] project=42 20%
[render] project=42 20%
[render] project=42 20%
[render] project=42 20%
[render] project=42 20%
[render] project=42 20%
[render] project=42 20%
[render] project=42 40%
[render] project=42 40%
[render] project=42 40%
[render] project=42 40%
[render] project=42 40%
[render] project=42 40%
[render] project=42 40%
[render] project=42 40%
[render] project=42 40%
[render] project=42 40%
[render] project=42 40%
[render] project=42 40%
[render] project=42 40%
[render] project=42 40%
[render] project=42 40%
[render] project=42 40%
[render] project=42 40%
[render] project=42 40%
[render] project=42 40%
[render] project=42 40%
[render] project=42 40%
[render] project=42 40%
[render] project=42 40%
[render] project=42 40%
[render] project=42 40%
[render] project=42 40%
[render] project=42 40%
[render] project=42 40%
[render] project=42 40%
[render] project=42 40%
[render] project=42 40%
[render] project=42 40%
[render] project=42 40%
[render] project=42 40%
[render] project=42 40%
[render] project=42 40%
[render] project=42 40%
[render] project=42 60%
[render] project=42 60%
[render] project=42 60%
[render] project=42 60%
[render] project=42 60%
[render] project=42 60%
[render] project=42 60%
[render] project=42 60%
[render] project=42 60%
[render] project=42 60%
[render] project=42 60%
[render] project=42 60%
[render] project=42 60%
[render] project=42 60%
[render] project=42 60%
[render] project=42 60%
[render] project=42 60%
[render] project=42 60%
[render] project=42 60%
[render] project=42 60%
[render] project=42 60%
[render] project=42 60%
[render] project=42 60%
[render] project=42 60%
[render] project=42 60%
[render] project=42 60%
[render] project=42 60%
[render] project=42 60%
[render] project=42 60%
[render] project=42 60%
[render] project=42 60%
[render] project=42 60%
[render] project=42 60%
[render] project=42 60%
[render] project=42 60%
[render] project=42 60%
[render] project=42 60%
[render] project=42 60%
[render] project=42 80%
[render] project=42 80%
[render] project=42 80%
[render] project=42 80%
[render] project=42 100%
[render] project=42 100%
[render] project=42 done in 251.4s
[thumbnail] -> E:\laragon\www\socailVideoMaker\viralforgebackend\storage\app\public\projects\outputs\output_42_1784551729_thumb.png
[thumbnail] -> E:\laragon\www\socailVideoMaker\viralforgebackend\storage\app\public\projects\outputs\output_42_1784551729_thumb_portrait.png
[preview] project=42 frame=553 in 4.2s -> E:\laragon\www\socailVideoMaker\viralforgebackend\storage\app\public\explainer\42\previews\e568e8334b195a8955fd.png
