remotion-render listening on http://localhost:3020
[short] project=196 clip=1 -> E:\laragon\www\socailVideoMaker\viralforgebackend\storage\app\public\projects\196\output_1.mp4
[short] project=196 clip=1 0%
[short] project=196 clip=1 25%
[short] project=196 clip=1 50%
[short] project=196 clip=1 75%
[short] project=196 clip=1 100%
[short] project=196 clip=1 done in 205.2s
[short] project=196 clip=2 -> E:\laragon\www\socailVideoMaker\viralforgebackend\storage\app\public\projects\196\output_2.mp4
[short] project=196 clip=2 0%
[short] project=196 clip=2 25%
[short] project=196 clip=2 50%
[short] project=196 clip=2 75%
[short] project=196 clip=2 100%
[short] project=196 clip=2 done in 166.5s
[short] project=196 clip=3 -> E:\laragon\www\socailVideoMaker\viralforgebackend\storage\app\public\projects\196\output_3.mp4
[short] project=196 clip=3 0%
[short] project=196 clip=3 25%
[short] project=196 clip=3 50%
[short] project=196 clip=3 75%
[short] project=196 clip=3 100%
[short] project=196 clip=3 done in 120.6s
[short] project=196 clip=4 -> E:\laragon\www\socailVideoMaker\viralforgebackend\storage\app\public\projects\196\output_4.mp4
[short] project=196 clip=4 0%
[short] project=196 clip=4 25%
[short] project=196 clip=4 50%
[short] project=196 clip=4 75%
[short] project=196 clip=4 100%
[short] project=196 clip=4 done in 214.5s
[short] project=196 clip=5 -> E:\laragon\www\socailVideoMaker\viralforgebackend\storage\app\public\projects\196\output_5.mp4
[short] project=196 clip=5 0%
[short] project=196 clip=5 25%
[short] project=196 clip=5 50%
[short] project=196 clip=5 75%
[short] project=196 clip=5 100%
[short] project=196 clip=5 done in 342s
[short] project=196 clip=6 -> E:\laragon\www\socailVideoMaker\viralforgebackend\storage\app\public\projects\196\output_6.mp4
[short] project=196 clip=6 0%
[short] project=196 clip=6 25%
[short] project=196 clip=6 50%
[short] project=196 clip=6 75%
[short] project=196 clip=6 100%
[short] project=196 clip=6 done in 99.5s
[short] project=196 clip=7 -> E:\laragon\www\socailVideoMaker\viralforgebackend\storage\app\public\projects\196\output_7.mp4
[short] project=196 clip=7 0%
[short] project=196 clip=7 25%
[short] project=196 clip=7 50%
[short] project=196 clip=7 75%
[short] project=196 clip=7 100%
[short] project=196 clip=7 done in 225.1s
